[debug] [2026-04-28T14:41:24.588Z] ----------------------------------------------------------------------
[debug] [2026-04-28T14:41:24.591Z] Command:       C:\Program Files\nodejs\node.exe C:\Users\DELL\AppData\Roaming\npm\node_modules\firebase-tools\lib\bin\firebase.js init hosting
[debug] [2026-04-28T14:41:24.592Z] CLI Version:   15.15.0
[debug] [2026-04-28T14:41:24.592Z] Platform:      win32
[debug] [2026-04-28T14:41:24.592Z] Node Version:  v22.20.0
[debug] [2026-04-28T14:41:24.592Z] Time:          Tue Apr 28 2026 20:11:24 GMT+0530 (India Standard Time)
[debug] [2026-04-28T14:41:24.592Z] ----------------------------------------------------------------------
[debug] 
[info] 
     ######## #### ########  ######## ########     ###     ######  ########
     ##        ##  ##     ## ##       ##     ##  ##   ##  ##       ##
     ######    ##  ########  ######   ########  #########  ######  ######
     ##        ##  ##    ##  ##       ##     ## ##     ##       ## ##
     ##       #### ##     ## ######## ########  ##     ##  ######  ########

You're about to initialize a Firebase project in this directory:

  C:\Users\DELL\Music\H2S\BuidwithAI

Before we get started, keep in mind:

  * You are initializing within an existing Firebase project directory

[info] 
=== Project Setup
[info] 
[info] First, let's associate this project directory with a Firebase project.
[info] You can create multiple project aliases by running firebase use --add, 
[info] 
[debug] [2026-04-28T14:42:28.689Z] > command requires scopes: ["email","openid","https://www.googleapis.com/auth/cloudplatformprojects.readonly","https://www.googleapis.com/auth/firebase","https://www.googleapis.com/auth/cloud-platform"]
[debug] [2026-04-28T14:42:28.690Z] > authorizing via signed-in user (yasmeen87151@gmail.com)
[debug] [2026-04-28T14:42:28.693Z] Checked if tokens are valid: true, expires at: 1777390882268
[debug] [2026-04-28T14:42:28.693Z] Checked if tokens are valid: true, expires at: 1777390882268
[debug] [2026-04-28T14:42:28.694Z] >>> [apiv2][query] GET https://firebase.googleapis.com/v1beta1/projects pageSize=100
[debug] [2026-04-28T14:42:29.765Z] <<< [apiv2][status] GET https://firebase.googleapis.com/v1beta1/projects 200
[debug] [2026-04-28T14:42:29.765Z] <<< [apiv2][body] GET https://firebase.googleapis.com/v1beta1/projects [omitted]
[info] 
=== Hosting Setup
[debug] [2026-04-28T14:42:38.700Z] Checked if tokens are valid: true, expires at: 1777390882268
[debug] [2026-04-28T14:42:38.700Z] Checked if tokens are valid: true, expires at: 1777390882268
[debug] [2026-04-28T14:42:38.700Z] >>> [apiv2][query] GET https://firebase.googleapis.com/v1beta1/projects/newagent-hn9m [none]
[debug] [2026-04-28T14:42:39.486Z] <<< [apiv2][status] GET https://firebase.googleapis.com/v1beta1/projects/newagent-hn9m 200
[debug] [2026-04-28T14:42:39.487Z] <<< [apiv2][body] GET https://firebase.googleapis.com/v1beta1/projects/newagent-hn9m {"projectId":"newagent-hn9m","projectNumber":"442828601295","displayName":"newagent-hn9m","name":"projects/newagent-hn9m","resources":{"hostingSite":"newagent-hn9m"},"state":"ACTIVE","etag":"1_c138e0f5-565f-47b3-a330-a6fc8fe9ebac"}
[info] 
[info] Your public directory is the folder (relative to your project directory) that
[info] will contain Hosting assets to be uploaded with firebase deploy. If you
[info] have a build process for your assets, use your build's output directory.
[info] 
[info] 
[info] i  Didn't detect a .git folder. Assuming C:\Users\DELL\Music\H2S\BuidwithAI is the project root. 
[info] i  Authorizing with GitHub to upload your service account to a GitHub repository's secrets store. 
[info] 
[info] Visit this URL on this device to log in:
[info] https://github.com/login/oauth/authorize?client_id=89cf50f02ac6aaed3484&state=306260275&redirect_uri=http%3A%2F%2Flocalhost%3A9005&scope=read%3Auser%20repo%20public_repo
[info] 
[info] Waiting for authentication...
[debug] [2026-04-28T14:46:52.246Z] >>> [apiv2][query] POST https://github.com/login/oauth/access_token [none]
[debug] [2026-04-28T14:46:52.246Z] >>> [apiv2][body] POST https://github.com/login/oauth/access_token [stream]
[debug] [2026-04-28T14:46:53.606Z] <<< [apiv2][status] POST https://github.com/login/oauth/access_token 200
[debug] [2026-04-28T14:46:53.607Z] <<< [apiv2][body] POST https://github.com/login/oauth/access_token {"access_token":"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","token_type":"bearer","scope":"read:user,repo"}
[debug] [2026-04-28T14:46:53.615Z] >>> [apiv2][query] GET https://api.github.com/user [none]
[debug] [2026-04-28T14:46:54.670Z] <<< [apiv2][status] GET https://api.github.com/user 200
[debug] [2026-04-28T14:46:54.670Z] <<< [apiv2][body] GET https://api.github.com/user {"login":"Yasmeen-Begum","id":91931504,"node_id":"U_kgDOBXrDcA","avatar_url":"https://avatars.githubusercontent.com/u/91931504?v=4","gravatar_id":"","url":"https://api.github.com/users/Yasmeen-Begum","html_url":"https://github.com/Yasmeen-Begum","followers_url":"https://api.github.com/users/Yasmeen-Begum/followers","following_url":"https://api.github.com/users/Yasmeen-Begum/following{/other_user}","gists_url":"https://api.github.com/users/Yasmeen-Begum/gists{/gist_id}","starred_url":"https://api.github.com/users/Yasmeen-Begum/starred{/owner}{/repo}","subscriptions_url":"https://api.github.com/users/Yasmeen-Begum/subscriptions","organizations_url":"https://api.github.com/users/Yasmeen-Begum/orgs","repos_url":"https://api.github.com/users/Yasmeen-Begum/repos","events_url":"https://api.github.com/users/Yasmeen-Begum/events{/privacy}","received_events_url":"https://api.github.com/users/Yasmeen-Begum/received_events","type":"User","user_view_type":"private","site_admin":false,"name":"Yasmeen Begum","company":"University College of Engineering Osmania University ","blog":"","location":"Hyderabad ","email":null,"hireable":null,"bio":null,"twitter_username":null,"notification_email":null,"public_repos":40,"public_gists":0,"followers":0,"following":5,"created_at":"2021-10-05T03:49:06Z","updated_at":"2026-04-27T18:02:42Z","private_gists":0,"total_private_repos":0,"owned_private_repos":0,"disk_usage":277540,"collaborators":0,"two_factor_authentication":false,"plan":{"name":"free","space":976562499,"collaborators":0,"private_repos":10000}}
[info] 
[info] +  Success! Logged into GitHub as Yasmeen-Begum 
[info] 
